<?xml version="1.0" encoding="UTF-8" standalone="yes"?><ns2:ECReports specName="ECSpec_R17_5" date="2013-11-08T15:25:15.332+09:00" ALEID="ETHZ-ALE-292530707" totalMilliseconds="20000" terminationCondition="DURATION" xmlns:ns2="urn:epcglobal:ale:xsd:1"><reports><report reportName="report1"><group><groupList><member><tag>urn:epc:tag:gid-96:203907500.2850623.53422213671</tag><rawDecimal>urn:epc:raw:96.16637794862427802666525936167</rawDecimal><extension><fieldList><field><name>@1.96.32</name><value>35C2761AC2B7F3FC70364A27</value></field><field><name>temperature</name><value>305419896</value></field></fieldList></extension></member><member><tag>urn:epc:tag:gid-96:1178462.9071312.36871239854</tag><rawDecimal>urn:epc:raw:96.16404064195336826487334664366</rawDecimal><extension><fieldList><field><name>@1.96.32</name><value>35011FB5E8A6AD0895B278AE</value></field><field><name>temperature</name><value>305419896</value></field></fieldList></extension></member></groupList><groupCount><count>2</count></groupCount></group></report></reports></ns2:ECReports>