<?xml version="1.0" encoding="UTF-8" standalone="yes"?><ns2:ECReports specName="ECSpec_R15_7" date="2013-11-11T21:15:39.133+09:00" ALEID="ETHZ-ALE1618458739" totalMilliseconds="20000" terminationCondition="DURATION" xmlns:ns2="urn:epcglobal:ale:xsd:1"><reports><report reportName="report1"><group><groupList><member><rawHex>urn:epc:raw:96.x353AD1D828517CC8B001F0CA</rawHex></member><member><rawHex>urn:epc:raw:96.x35FA7F444FD5D2002D294B96</rawHex></member><member><rawHex>urn:epc:raw:96.x3567C6697351FF4AEC29CDBA</rawHex></member><member><rawHex>urn:epc:raw:96.x35011FB5E8A6AD0895B278AE</rawHex></member><member><rawHex>urn:epc:raw:96.x35C2761AC2B7F3FC70364A27</rawHex></member><member><rawHex>urn:epc:raw:96.x350AEB19252EE89C90EC85C0</rawHex></member></groupList></group></report></reports></ns2:ECReports>