<?xml version="1.0" encoding="UTF-8" standalone="yes"?><ns2:ECReports specName="ecspec_R9_3a" date="2013-11-07T16:41:13.590+09:00" ALEID="ETHZ-ALE-1737291848" totalMilliseconds="937" xmlns:ns2="urn:epcglobal:ale:xsd:1"><reports><report reportName="report1"><group><groupList><member><epc>urn:epc:id:gid:203907500.2850623.53422213671</epc></member></groupList></group></report></reports></ns2:ECReports>