<?xml version="1.0" encoding="UTF-8" standalone="yes"?><ns2:ECReports specName="ECSpec_R15_1" date="2013-11-11T21:14:39.117+09:00" ALEID="ETHZ-ALE1618458739" totalMilliseconds="19001" terminationCondition="DURATION" xmlns:ns2="urn:epcglobal:ale:xsd:1"><reports/></ns2:ECReports>