<?xml version="1.0" encoding="UTF-8" standalone="yes"?><ns2:ECReports specName="ECSpec_R16_1" date="2013-11-07T13:57:48.480+09:00" ALEID="ETHZ-ALE1816631877" totalMilliseconds="20000" terminationCondition="DURATION" xmlns:ns2="urn:epcglobal:ale:xsd:1"><reports><report reportName="report2"><group><groupList><member><tag>urn:epc:tag:gid-96:203907500.2850623.53422213671</tag></member></groupList></group></report><report reportName="report1"><group groupName="urn:epc:pat:gid-96:203907500.2850623.*"><groupList><member><epc>urn:epc:id:gid:203907500.2850623.53422213671</epc></member></groupList><groupCount><count>1</count></groupCount></group><group groupName="urn:epc:pat:gid-96:1178462.9071312.*"><groupList><member><epc>urn:epc:id:gid:1178462.9071312.36871239854</epc></member></groupList><groupCount><count>1</count></groupCount></group><group groupName="urn:epc:pat:gid-96:61676930.8722380.*"><groupList><member><epc>urn:epc:id:gid:61676930.8722380.37312655562</epc></member></groupList><groupCount><count>1</count></groupCount></group><group groupName="urn:epc:pat:gid-96:262665284.16604448.*"><groupList><member><epc>urn:epc:id:gid:262665284.16604448.757681046</epc></member></groupList><groupCount><count>1</count></groupCount></group><group groupName="urn:epc:pat:gid-96:108816023.3481588.*"><groupList><member><epc>urn:epc:id:gid:108816023.3481588.46911835578</epc></member></groupList><groupCount><count>1</count></groupCount></group><group groupName="urn:epc:pat:gid-96:11448722.5435017.*"><groupList><member><epc>urn:epc:id:gid:11448722.5435017.53971027392</epc></member></groupList><groupCount><count>1</count></groupCount></group></report></reports><ECSpec includeSpecInReports="true"><logicalReaders><logicalReader>LogicalReader1</logicalReader><logicalReader>LogicalReader2</logicalReader></logicalReaders><boundarySpec><repeatPeriod unit="MS">20000</repeatPeriod><duration unit="MS">20000</duration><stableSetInterval unit="MS">0</stableSetInterval></boundarySpec><reportSpecs><reportSpec reportName="report1" reportIfEmpty="false" reportOnlyOnChange="true"><reportSet set="CURRENT"/><groupSpec><pattern>urn:epc:pat:gid-96:X.X.*</pattern><extension><fieldspec><fieldname>epc</fieldname><datatype>EPC</datatype><format>epc-tag</format></fieldspec></extension></groupSpec><output includeEPC="true" includeTag="false" includeRawHex="false" includeRawDecimal="false" includeCount="true"/></reportSpec><reportSpec reportName="report2" reportIfEmpty="true" reportOnlyOnChange="false"><reportSet set="CURRENT"/><filterSpec><includePatterns><includePattern>urn:epc:pat:gid-96:203907500.*.*</includePattern></includePatterns></filterSpec><output includeEPC="false" includeTag="true" includeRawHex="false" includeRawDecimal="false" includeCount="false"/></reportSpec></reportSpecs></ECSpec></ns2:ECReports>