<?xml version="1.0" encoding="UTF-8" standalone="yes"?>
<ns2:ECReports specName="eventcycle1" date="2013-11-06T17:47:54.329+09:00" ALEID="ETHZ-ALE1992843200" totalMilliseconds="20000" terminationCondition="DURATION" xmlns:ns2="urn:epcglobal:ale:xsd:1">
    <reports>
        <report reportName="report1">
            <group>
                <groupList>
                    <member>
                        <tag>urn:epc:tag:gid-96:203907500.2850623.53422213671</tag>
                        <rawDecimal>urn:epc:raw:96.16637794862427802666525936167</rawDecimal>
                        <extension>
                            <fieldList>
                                <field>
                                    <name>afi</name>
                                    <value>BC</value>
                                </field>
                                <field>
                                    <name>nsi</name>
                                    <value>BC</value>
                                </field>
                            </fieldList>
                        </extension>
                    </member>
                    <member>
                        <tag>urn:epc:tag:gid-96:1178462.9071312.36871239854</tag>
                        <rawDecimal>urn:epc:raw:96.16404064195336826487334664366</rawDecimal>
                        <extension>
                            <fieldList>
                                <field>
                                    <name>afi</name>
                                    <value>BC</value>
                                </field>
                                <field>
                                    <name>nsi</name>
                                    <value>BC</value>
                                </field>
                            </fieldList>
                        </extension>
                    </member>
                    <member>
                        <tag>urn:epc:tag:gid-96:61676930.8722380.37312655562</tag>
                        <rawDecimal>urn:epc:raw:96.16473814180065817247678066890</rawDecimal>
                        <extension>
                            <fieldList>
                                <field>
                                    <name>afi</name>
                                    <value>BC</value>
                                </field>
                                <field>
                                    <name>nsi</name>
                                    <value>BC</value>
                                </field>
                            </fieldList>
                        </extension>
                    </member>
                    <member>
                        <tag>urn:epc:tag:gid-96:262665284.16604448.757681046</tag>
                        <rawDecimal>urn:epc:raw:96.16705537976109602390516779926</rawDecimal>
                        <extension>
                            <fieldList>
                                <field>
                                    <name>afi</name>
                                    <value>BC</value>
                                </field>
                                <field>
                                    <name>nsi</name>
                                    <value>BC</value>
                                </field>
                            </fieldList>
                        </extension>
                    </member>
                    <member>
                        <tag>urn:epc:tag:gid-96:108816023.3481588.46911835578</tag>
                        <rawDecimal>urn:epc:raw:96.16528161853733034861393464762</rawDecimal>
                        <extension>
                            <fieldList>
                                <field>
                                    <name>afi</name>
                                    <value>BC</value>
                                </field>
                                <field>
                                    <name>nsi</name>
                                    <value>BC</value>
                                </field>
                            </fieldList>
                        </extension>
                    </member>
                    <member>
                        <tag>urn:epc:tag:gid-96:11448722.5435017.53971027392</tag>
                        <rawDecimal>urn:epc:raw:96.16415904998698845731000452544</rawDecimal>
                        <extension>
                            <fieldList>
                                <field>
                                    <name>afi</name>
                                    <value>BC</value>
                                </field>
                                <field>
                                    <name>nsi</name>
                                    <value>BC</value>
                                </field>
                            </fieldList>
                        </extension>
                    </member>
                </groupList>
                <groupCount>
                    <count>6</count>
                </groupCount>
            </group>
        </report>
    </reports>
</ns2:ECReports>