<?xml version="1.0" encoding="UTF-8" standalone="yes"?><ns2:ECReports specName="ReportGenerator_0" date="2013-11-07T17:10:23.391+09:00" ALEID="ETHZ-ALE1293392207" totalMilliseconds="20000" terminationCondition="DURATION" xmlns:ns2="urn:epcglobal:ale:xsd:1"><reports><report reportName="report1"><group><groupList><member><tag>urn:epc:tag:gid-96:61676930.8722380.37312655562</tag><rawHex>urn:epc:raw:96.x353AD1D828517CC8B001F0CA</rawHex><extension/></member><member><tag>urn:epc:tag:gid-96:262665284.16604448.757681046</tag><rawHex>urn:epc:raw:96.x35FA7F444FD5D2002D294B96</rawHex><extension/></member><member><tag>urn:epc:tag:gid-96:108816023.3481588.46911835578</tag><rawHex>urn:epc:raw:96.x3567C6697351FF4AEC29CDBA</rawHex><extension/></member><member><tag>urn:epc:tag:gid-96:1178462.9071312.36871239854</tag><rawHex>urn:epc:raw:96.x35011FB5E8A6AD0895B278AE</rawHex><extension/></member><member><tag>urn:epc:tag:gid-96:203907500.2850623.53422213671</tag><rawHex>urn:epc:raw:96.x35C2761AC2B7F3FC70364A27</rawHex><extension/></member><member><tag>urn:epc:tag:gid-96:11448722.5435017.53971027392</tag><rawHex>urn:epc:raw:96.x350AEB19252EE89C90EC85C0</rawHex><extension/></member></groupList></group></report></reports><ECSpec includeSpecInReports="true"><logicalReaders><logicalReader>LogicalReader1</logicalReader></logicalReaders><boundarySpec><repeatPeriod unit="MS">20000</repeatPeriod><duration unit="MS">0</duration><stableSetInterval unit="MS">5000</stableSetInterval><extension/></boundarySpec><reportSpecs><reportSpec reportName="report1" reportIfEmpty="false" reportOnlyOnChange="false"><reportSet set="ADDITIONS"/><output includeEPC="false" includeTag="true" includeRawHex="true" includeRawDecimal="false"><extension/></output></reportSpec></reportSpecs></ECSpec></ns2:ECReports>