<?xml version="1.0" encoding="UTF-8" standalone="yes"?><ns2:ECReports specName="ECSpec_R20_1" date="2013-11-10T23:39:29.443+09:00" ALEID="ETHZ-ALE-489765054" totalMilliseconds="20000" terminationCondition="DURATION" xmlns:ns2="urn:epcglobal:ale:xsd:1"><reports><report reportName="report1"><group><groupList><member><epc>urn:epc:id:gid:203907500.2850623.53422213671</epc><tag>urn:epc:tag:gid-96:203907500.2850623.53422213671</tag><rawHex>urn:epc:raw:96.x35C2761AC2B7F3FC70364A27</rawHex><rawDecimal>urn:epc:raw:96.16637794862427802666525936167</rawDecimal></member><member><epc>urn:epc:id:gid:262665284.16604448.757681046</epc><tag>urn:epc:tag:gid-96:262665284.16604448.757681046</tag><rawHex>urn:epc:raw:96.x35FA7F444FD5D2002D294B96</rawHex><rawDecimal>urn:epc:raw:96.16705537976109602390516779926</rawDecimal></member><member><epc>urn:epc:id:gid:1178462.9071312.36871239854</epc><tag>urn:epc:tag:gid-96:1178462.9071312.36871239854</tag><rawHex>urn:epc:raw:96.x35011FB5E8A6AD0895B278AE</rawHex><rawDecimal>urn:epc:raw:96.16404064195336826487334664366</rawDecimal></member><member><epc>urn:epc:id:gid:61676930.8722380.37312655562</epc><tag>urn:epc:tag:gid-96:61676930.8722380.37312655562</tag><rawHex>urn:epc:raw:96.x353AD1D828517CC8B001F0CA</rawHex><rawDecimal>urn:epc:raw:96.16473814180065817247678066890</rawDecimal></member><member><epc>urn:epc:id:gid:108816023.3481588.46911835578</epc><tag>urn:epc:tag:gid-96:108816023.3481588.46911835578</tag><rawHex>urn:epc:raw:96.x3567C6697351FF4AEC29CDBA</rawHex><rawDecimal>urn:epc:raw:96.16528161853733034861393464762</rawDecimal></member><member><epc>urn:epc:id:gid:11448722.5435017.53971027392</epc><tag>urn:epc:tag:gid-96:11448722.5435017.53971027392</tag><rawHex>urn:epc:raw:96.x350AEB19252EE89C90EC85C0</rawHex><rawDecimal>urn:epc:raw:96.16415904998698845731000452544</rawDecimal></member></groupList></group></report></reports></ns2:ECReports>