<?xml version="1.0" encoding="UTF-8" standalone="yes"?><ns2:ECReports specName="ecspec_R9_1b" date="2013-11-07T16:40:22.635+09:00" ALEID="ETHZ-ALE-1737291848" totalMilliseconds="19000" terminationCondition="DURATION" xmlns:ns2="urn:epcglobal:ale:xsd:1"><reports><report reportName="report1"><group><groupList><member><epc>urn:epc:id:gid:203907500.2850623.53422213671</epc></member><member><epc>urn:epc:id:gid:262665284.16604448.757681046</epc></member><member><epc>urn:epc:id:gid:1178462.9071312.36871239854</epc></member><member><epc>urn:epc:id:gid:61676930.8722380.37312655562</epc></member><member><epc>urn:epc:id:gid:108816023.3481588.46911835578</epc></member><member><epc>urn:epc:id:gid:11448722.5435017.53971027392</epc></member></groupList></group></report></reports></ns2:ECReports>